I0326 08:37:06.798110 111471 node.cpp:3309] node Atomic:10.1.3.3:8700:0 reset ConfigurationCtx, new_peers: 10.1.1.3:8700:0,10.1.2.3:8700:0,10.1.3.3:8700:0,10.1.4.3:8700:0,10.1.5.3:8700:0, old_peers: 10.1.1.3:8700:0,10.1.2.3:8700:0,10.1.3.3:8700:0,10.1.4.3:8700:0,10.1.5.3:8700:0
I0326 08:37:06.798280 111471 server.cpp:294] Node becomes leader
W0326 08:37:06.839480 111443 node.cpp:1563] node Atomic:10.1.3.3:8700:0 request PreVote from 10.1.4.3:8700:0 error: [E110]Fail to connect Socket{id=1021 addr=10.1.4.3:8700} (0x0x6310000dd100): Connection timed out
W0326 08:37:06.878314 111469 node.cpp:1450] node Atomic:10.1.3.3:8700:0 received RequestVoteResponse from 10.1.4.3:8700:0 error: [E110]Fail to connect Socket{id=1133 addr=10.1.4.3:8700} (0x0x6310000f0ec0): Connection timed out
W0326 08:37:06.918731 111457 replicator.cpp:397] Group Atomic fail to issue RPC to 10.1.4.3:8700:0 _consecutive_error_times=1, [E110]Fail to connect Socket{id=908 addr=10.1.4.3:8700} (0x0x6310000c9100): Connection timed out [R1][E112]Not connected to 10.1.4.3:8700 yet, server_id=908 [R2][E112]Not connected to 10.1.4.3:8700 yet, server_id=908 [R3][E112]Not connected to 10.1.4.3:8700 yet, server_id=908
I0326 08:37:07.018697 111491 socket.cpp:2335] Checking Socket{id=908 addr=10.1.4.3:8700} (0x6310000c9100)
W0326 08:37:07.519078 111487 socket.cpp:1270] Fail to wait EPOLLOUT of fd=10: Connection timed out [110]
W0326 08:37:09.420629 111457 replicator.cpp:397] Group Atomic fail to issue RPC to 10.1.4.3:8700:0 _consecutive_error_times=11, [E112]Not connected to 10.1.4.3:8700 yet, server_id=908 [R1][E112]Not connected to 10.1.4.3:8700 yet, server_id=908 [R2][E112]Not connected to 10.1.4.3:8700 yet, server_id=908 [R3][E112]Not connected to 10.1.4.3:8700 yet, server_id=908
W0326 08:37:09.718240 111487 replicator.cpp:297] Group Atomic fail to issue RPC to 10.1.1.3:8700:0 _consecutive_error_times=1, [E1008]Reached timeout=2500ms @10.1.1.3:8700
W0326 08:37:09.718714 111443 replicator.cpp:297] Group Atomic fail to issue RPC to 10.1.5.3:8700:0 _consecutive_error_times=1, [E1008]Reached timeout=2500ms @10.1.5.3:8700
W0326 08:37:11.019556 111462 socket.cpp:1270] Fail to wait EPOLLOUT of fd=12: Connection timed out [110]
W0326 08:37:11.922104 111487 replicator.cpp:397] Group Atomic fail to issue RPC to 10.1.4.3:8700:0 _consecutive_error_times=21, [E112]Not connected to 10.1.4.3:8700 yet, server_id=908 [R1][E112]Not connected to 10.1.4.3:8700 yet, server_id=908 [R2][E112]Not connected to 10.1.4.3:8700 yet, server_id=908 [R3][E112]Not connected to 10.1.4.3:8700 yet, server_id=908
W0326 08:37:14.423820 111443 replicator.cpp:397] Group Atomic fail to issue RPC to 10.1.4.3:8700:0 _consecutive_error_times=31, [E112]Not connected to 10.1.4.3:8700 yet, server_id=908 [R1][E112]Not connected to 10.1.4.3:8700 yet, server_id=908 [R2][E112]Not connected to 10.1.4.3:8700 yet, server_id=908 [R3][E112]Not connected to 10.1.4.3:8700 yet, server_id=908
W0326 08:37:14.520031 111442 socket.cpp:1270] Fail to wait EPOLLOUT of fd=13: Connection timed out [110]
W0326 08:37:16.719177 111457 node.cpp:792] node Atomic:10.1.3.3:8700:0 term 31 steps down when alive nodes don't satisfy quorum dead_nodes: 10.1.1.3:8700:0,10.1.4.3:8700:0,10.1.5.3:8700:0 conf: 10.1.1.3:8700:0,10.1.2.3:8700:0,10.1.3.3:8700:0,10.1.4.3:8700:0,10.1.5.3:8700:0
I0326 08:37:16.719558 111457 replicator.cpp:993] Group Atomic Replicator=7700876361729 is going to quit
I0326 08:37:16.719574 111442 server.cpp:299] Node stepped down : Majority of the group dies
I0326 08:37:16.719693 111457 replicator.cpp:1262] Replicator=7700876361729 is going to quit
I0326 08:37:16.719820 111457 replicator.cpp:993] Group Atomic Replicator=7718056230913 is going to quit
I0326 08:37:16.719882 111457 replicator.cpp:1262] Replicator=7718056230913 is going to quit
I0326 08:37:16.719959 111457 replicator.cpp:993] Group Atomic Replicator=7735236100097 is going to quit
I0326 08:37:16.720031 111457 replicator.cpp:1262] Replicator=7735236100097 is going to quit
I0326 08:37:16.720110 111457 replicator.cpp:993] Group Atomic Replicator=7752415969281 is going to quit
I0326 08:37:16.720181 111457 replicator.cpp:1262] Replicator=7752415969281 is going to quit
W0326 08:37:16.720333 111487 baidu_rpc_protocol.cpp:265] Fail to write into Socket{id=17179869410 fd=10 addr=10.1.3.3:43906:8700} (0x631000050800): Unknown error 1014 [1014]
W0326 08:37:16.720407 111469 baidu_rpc_protocol.cpp:265] Fail to write into Socket{id=17179869523 fd=12 addr=10.1.3.3:43918:8700} (0x631000064800): Unknown error 1014 [1014]
W0326 08:37:16.720407 111472 baidu_rpc_protocol.cpp:265] Fail to write into Socket{id=8589935383 fd=11 addr=10.1.2.3:36444:8700} (0x6310000b4800): Unknown error 1014 [1014]
I0326 08:37:22.382489 111443 node.cpp:1583] node Atomic:10.1.3.3:8700:0 term 31 start pre_vote
W0326 08:37:22.583168 111482 node.cpp:1563] node Atomic:10.1.3.3:8700:0 request PreVote from 10.1.1.3:8700:0 error: [E110]Fail to connect Socket{id=8589935613 addr=10.1.1.3:8700} (0x0x6310000dd100): Connection timed out
W0326 08:37:22.583277 111482 node.cpp:1563] node Atomic:10.1.3.3:8700:0 request PreVote from 10.1.2.3:8700:0 error: [E110]Fail to connect Socket{id=1244 addr=10.1.2.3:8700} (0x0x631000104a40): Connection timed out
W0326 08:37:22.583371 111482 node.cpp:1563] node Atomic:10.1.3.3:8700:0 request PreVote from 10.1.4.3:8700:0 error: [E110]Fail to connect Socket{id=1246 addr=10.1.4.3:8700} (0x0x631000104ec0): Connection timed out
W0326 08:37:22.583397 111457 node.cpp:1563] node Atomic:10.1.3.3:8700:0 request PreVote from 10.1.5.3:8700:0 error: [E110]Fail to connect Socket{id=1248 addr=10.1.5.3:8700} (0x0x631000105340): Connection timed out
I0326 08:37:27.843638 111462 node.cpp:1583] node Atomic:10.1.3.3:8700:0 term 31 start pre_vote
W0326 08:37:28.044407 111491 node.cpp:1563] node Atomic:10.1.3.3:8700:0 request PreVote from 10.1.1.3:8700:0 error: [E110]Fail to connect Socket{id=1356 addr=10.1.1.3:8700} (0x0x631000118800): Connection timed out
W0326 08:37:28.044517 111487 node.cpp:1563] node Atomic:10.1.3.3:8700:0 request PreVote from 10.1.2.3:8700:0 error: [E110]Fail to connect Socket{id=1358 addr=10.1.2.3:8700} (0x0x631000118c80): Connection timed out
W0326 08:37:28.044526 111482 node.cpp:1563] node Atomic:10.1.3.3:8700:0 request PreVote from 10.1.4.3:8700:0 error: [E110]Fail to connect Socket{id=1360 addr=10.1.4.3:8700} (0x0x631000119100): Connection timed out
W0326 08:37:28.044728 111482 node.cpp:1563] node Atomic:10.1.3.3:8700:0 request PreVote from 10.1.5.3:8700:0 error: [E110]Fail to connect Socket{id=1362 addr=10.1.5.3:8700} (0x0x631000119580): Connection timed out
I0326 08:37:28.602373 111487 node.cpp:945] node Atomic:10.1.3.3:8700:0 starts to do snapshot
I0326 08:37:28.604274 111487 snapshot.cpp:648] Deleting ./data/snapshot/snapshot_00000000000000000164
I0326 08:37:28.604364 111487 snapshot.cpp:654] Renaming ./data/snapshot/temp to ./data/snapshot/snapshot_00000000000000000164
I0326 08:37:28.604514 111487 snapshot.cpp:524] Deleting ./data/snapshot/snapshot_00000000000000000136
I0326 08:37:28.604995 111487 snapshot_executor.cpp:239] node Atomic:10.1.3.3:8700:0 snapshot_save_done, last_included_index=164 last_included_term=31
WARNING: Logging before InitGoogleLogging() is written to STDERR
I0326 08:37:31.648770 115483 server.cpp:1114] Server[braft::RaftStatImpl+braft::FileServiceImpl+braft::RaftServiceImpl+braft::CliServiceImpl+example::AtomicServiceImpl] is serving on port=8700.
I0326 08:37:31.648929 115483 server.cpp:1117] Check out http://n3:8700 in web browser.
I0326 08:37:31.650563 115483 log.cpp:691] Use murmurhash32 as the checksum type of appending entries
I0326 08:37:31.650770 115483 log.cpp:1175] log load_meta ./data/log/log_meta first_log_index: 137 time: 151
I0326 08:37:31.650907 115483 log.cpp:1115] load open segment, path: ./data/log first_index: 137
I0326 08:37:31.651775 115483 snapshot.cpp:466] Deleting ./data/snapshot/temp
I0326 08:37:31.652961 115534 server.cpp:309] Configuration of this group is 10.1.1.3:8700:0,10.1.2.3:8700:0,10.1.3.3:8700:0,10.1.4.3:8700:0,10.1.5.3:8700:0
I0326 08:37:31.653189 115534 snapshot_executor.cpp:269] node Atomic:10.1.3.3:8700:0 snapshot_load_done, last_included_index: 164 last_included_term: 31 peers: "10.1.1.3:8700:0" peers: "10.1.2.3:8700:0" peers: "10.1.3.3:8700:0" peers: "10.1.4.3:8700:0" peers: "10.1.5.3:8700:0"
I0326 08:37:31.653482 115483 raft_meta.cpp:521] Loaded single stable meta, path ./data/raft_meta term 31 votedfor 10.1.3.3:8700:0 time: 39
I0326 08:37:31.653535 115483 node.cpp:604] node Atomic:10.1.3.3:8700:0 init, term: 31 last_log_id: (index=167,term=31) conf: 10.1.1.3:8700:0,10.1.2.3:8700:0,10.1.3.3:8700:0,10.1.4.3:8700:0,10.1.5.3:8700:0 old_conf: 
I0326 08:37:31.653684 115483 server.cpp:512] Atomic service is running on 0.0.0.0:8700
I0326 08:37:42.458882 115521 node.cpp:2128] node Atomic:10.1.3.3:8700:0 received PreVote from 10.1.5.3:8700:0 in term 32 current_term 31 granted 0 rejected_by_lease 0
I0326 08:37:42.618902 115534 node.cpp:2128] node Atomic:10.1.3.3:8700:0 received PreVote from 10.1.4.3:8700:0 in term 31 current_term 31 granted 0 rejected_by_lease 0
I0326 08:37:42.628562 115541 node.cpp:2128] node Atomic:10.1.3.3:8700:0 received PreVote from 10.1.2.3:8700:0 in term 32 current_term 31 granted 1 rejected_by_lease 0
I0326 08:37:42.668643 115503 node.cpp:2210] node Atomic:10.1.3.3:8700:0 received RequestVote from 10.1.2.3:8700:0 in term 32 current_term 31 log_is_ok 1 votable_time 0
I0326 08:37:42.669456 115503 raft_meta.cpp:546] Saved single stable meta, path ./data/raft_meta term 32 votedfor 0.0.0.0:0:0 time: 640
I0326 08:37:42.670168 115503 raft_meta.cpp:546] Saved single stable meta, path ./data/raft_meta term 32 votedfor 10.1.2.3:8700:0 time: 496
I0326 08:37:42.708655 115508 server.cpp:315] Node start following { leader_id=10.1.2.3:8700:0, term=32, status=Follower receives message from new leader with the same term.}
I0326 08:37:43.188946 115538 server.cpp:309] Configuration of this group is 10.1.1.3:8700:0,10.1.2.3:8700:0,10.1.3.3:8700:0,10.1.4.3:8700:0,10.1.5.3:8700:0
I0326 08:37:55.433812 115541 node.cpp:945] node Atomic:10.1.3.3:8700:0 starts to do snapshot
I0326 08:37:55.435514 115541 snapshot.cpp:648] Deleting ./data/snapshot/snapshot_00000000000000000190
I0326 08:37:55.435588 115541 snapshot.cpp:654] Renaming ./data/snapshot/temp to ./data/snapshot/snapshot_00000000000000000190
I0326 08:37:55.435711 115541 snapshot.cpp:524] Deleting ./data/snapshot/snapshot_00000000000000000164
I0326 08:37:55.436115 115541 snapshot_executor.cpp:239] node Atomic:10.1.3.3:8700:0 snapshot_save_done, last_included_index=190 last_included_term=32
I0326 08:37:55.437062 115541 log.cpp:1153] log save_meta ./data/log/log_meta first_log_index: 165 time: 648
WARNING: Logging before InitGoogleLogging() is written to STDERR
I0326 08:37:59.666990 118761 server.cpp:1114] Server[braft::RaftStatImpl+braft::FileServiceImpl+braft::RaftServiceImpl+braft::CliServiceImpl+example::AtomicServiceImpl] is serving on port=8700.
I0326 08:37:59.667124 118761 server.cpp:1117] Check out http://n3:8700 in web browser.
I0326 08:37:59.668469 118761 log.cpp:691] Use murmurhash32 as the checksum type of appending entries
I0326 08:37:59.668642 118761 log.cpp:1175] log load_meta ./data/log/log_meta first_log_index: 165 time: 119
I0326 08:37:59.668738 118761 log.cpp:1115] load open segment, path: ./data/log first_index: 137
I0326 08:37:59.669466 118761 snapshot.cpp:466] Deleting ./data/snapshot/temp
I0326 08:37:59.670395 118801 server.cpp:309] Configuration of this group is 10.1.1.3:8700:0,10.1.2.3:8700:0,10.1.3.3:8700:0,10.1.4.3:8700:0,10.1.5.3:8700:0
I0326 08:37:59.670565 118801 snapshot_executor.cpp:269] node Atomic:10.1.3.3:8700:0 snapshot_load_done, last_included_index: 190 last_included_term: 32 peers: "10.1.1.3:8700:0" peers: "10.1.2.3:8700:0" peers: "10.1.3.3:8700:0" peers: "10.1.4.3:8700:0" peers: "10.1.5.3:8700:0"
I0326 08:37:59.670833 118761 raft_meta.cpp:521] Loaded single stable meta, path ./data/raft_meta term 32 votedfor 10.1.2.3:8700:0 time: 43
I0326 08:37:59.670907 118761 node.cpp:604] node Atomic:10.1.3.3:8700:0 init, term: 32 last_log_id: (index=197,term=32) conf: 10.1.1.3:8700:0,10.1.2.3:8700:0,10.1.3.3:8700:0,10.1.4.3:8700:0,10.1.5.3:8700:0 old_conf: 
I0326 08:37:59.671092 118761 server.cpp:512] Atomic service is running on 0.0.0.0:8700
WARNING: Logging before InitGoogleLogging() is written to STDERR
I0326 08:38:04.736903 119414 server.cpp:1114] Server[braft::RaftStatImpl+braft::FileServiceImpl+braft::RaftServiceImpl+braft::CliServiceImpl+example::AtomicServiceImpl] is serving on port=8700.
I0326 08:38:04.737040 119414 server.cpp:1117] Check out http://n3:8700 in web browser.
I0326 08:38:04.738416 119414 log.cpp:691] Use murmurhash32 as the checksum type of appending entries
I0326 08:38:04.738550 119414 log.cpp:1175] log load_meta ./data/log/log_meta first_log_index: 165 time: 97
I0326 08:38:04.738685 119414 log.cpp:1115] load open segment, path: ./data/log first_index: 137
I0326 08:38:04.739576 119414 snapshot.cpp:466] Deleting ./data/snapshot/temp
I0326 08:38:04.740557 119469 server.cpp:309] Configuration of this group is 10.1.1.3:8700:0,10.1.2.3:8700:0,10.1.3.3:8700:0,10.1.4.3:8700:0,10.1.5.3:8700:0
I0326 08:38:04.740850 119469 snapshot_executor.cpp:269] node Atomic:10.1.3.3:8700:0 snapshot_load_done, last_included_index: 190 last_included_term: 32 peers: "10.1.1.3:8700:0" peers: "10.1.2.3:8700:0" peers: "10.1.3.3:8700:0" peers: "10.1.4.3:8700:0" peers: "10.1.5.3:8700:0"
I0326 08:38:04.741209 119414 raft_meta.cpp:521] Loaded single stable meta, path ./data/raft_meta term 32 votedfor 10.1.2.3:8700:0 time: 36
I0326 08:38:04.741271 119414 node.cpp:604] node Atomic:10.1.3.3:8700:0 init, term: 32 last_log_id: (index=197,term=32) conf: 10.1.1.3:8700:0,10.1.2.3:8700:0,10.1.3.3:8700:0,10.1.4.3:8700:0,10.1.5.3:8700:0 old_conf: 
I0326 08:38:04.741449 119414 server.cpp:512] Atomic service is running on 0.0.0.0:8700
WARNING: Logging before InitGoogleLogging() is written to STDERR
I0326 08:38:09.989847 120091 server.cpp:1114] Server[braft::RaftStatImpl+braft::FileServiceImpl+braft::RaftServiceImpl+braft::CliServiceImpl+example::AtomicServiceImpl] is serving on port=8700.
I0326 08:38:09.990020 120091 server.cpp:1117] Check out http://n3:8700 in web browser.
I0326 08:38:09.991606 120091 log.cpp:691] Use murmurhash32 as the checksum type of appending entries
I0326 08:38:09.991765 120091 log.cpp:1175] log load_meta ./data/log/log_meta first_log_index: 165 time: 124
I0326 08:38:09.991868 120091 log.cpp:1115] load open segment, path: ./data/log first_index: 137
I0326 08:38:09.992594 120091 snapshot.cpp:466] Deleting ./data/snapshot/temp
I0326 08:38:09.993616 120115 server.cpp:309] Configuration of this group is 10.1.1.3:8700:0,10.1.2.3:8700:0,10.1.3.3:8700:0,10.1.4.3:8700:0,10.1.5.3:8700:0
I0326 08:38:09.993930 120115 snapshot_executor.cpp:269] node Atomic:10.1.3.3:8700:0 snapshot_load_done, last_included_index: 190 last_included_term: 32 peers: "10.1.1.3:8700:0" peers: "10.1.2.3:8700:0" peers: "10.1.3.3:8700:0" peers: "10.1.4.3:8700:0" peers: "10.1.5.3:8700:0"
I0326 08:38:09.994294 120091 raft_meta.cpp:521] Loaded single stable meta, path ./data/raft_meta term 32 votedfor 10.1.2.3:8700:0 time: 51
I0326 08:38:09.994355 120091 node.cpp:604] node Atomic:10.1.3.3:8700:0 init, term: 32 last_log_id: (index=197,term=32) conf: 10.1.1.3:8700:0,10.1.2.3:8700:0,10.1.3.3:8700:0,10.1.4.3:8700:0,10.1.5.3:8700:0 old_conf: 
I0326 08:38:09.994529 120091 server.cpp:512] Atomic service is running on 0.0.0.0:8700
WARNING: Logging before InitGoogleLogging() is written to STDERR
I0326 08:38:15.112319 120756 server.cpp:1114] Server[braft::RaftStatImpl+braft::FileServiceImpl+braft::RaftServiceImpl+braft::CliServiceImpl+example::AtomicServiceImpl] is serving on port=8700.
I0326 08:38:15.112475 120756 server.cpp:1117] Check out http://n3:8700 in web browser.
I0326 08:38:15.113943 120756 log.cpp:691] Use murmurhash32 as the checksum type of appending entries
I0326 08:38:15.114141 120756 log.cpp:1175] log load_meta ./data/log/log_meta first_log_index: 165 time: 144
I0326 08:38:15.114269 120756 log.cpp:1115] load open segment, path: ./data/log first_index: 137
I0326 08:38:15.115291 120756 snapshot.cpp:466] Deleting ./data/snapshot/temp
I0326 08:38:15.116418 120812 server.cpp:309] Configuration of this group is 10.1.1.3:8700:0,10.1.2.3:8700:0,10.1.3.3:8700:0,10.1.4.3:8700:0,10.1.5.3:8700:0
I0326 08:38:15.116720 120812 snapshot_executor.cpp:269] node Atomic:10.1.3.3:8700:0 snapshot_load_done, last_included_index: 190 last_included_term: 32 peers: "10.1.1.3:8700:0" peers: "10.1.2.3:8700:0" peers: "10.1.3.3:8700:0" peers: "10.1.4.3:8700:0" peers: "10.1.5.3:8700:0"
I0326 08:38:15.117072 120756 raft_meta.cpp:521] Loaded single stable meta, path ./data/raft_meta term 32 votedfor 10.1.2.3:8700:0 time: 52
I0326 08:38:15.117133 120756 node.cpp:604] node Atomic:10.1.3.3:8700:0 init, term: 32 last_log_id: (index=197,term=32) conf: 10.1.1.3:8700:0,10.1.2.3:8700:0,10.1.3.3:8700:0,10.1.4.3:8700:0,10.1.5.3:8700:0 old_conf: 
I0326 08:38:15.117327 120756 server.cpp:512] Atomic service is running on 0.0.0.0:8700
I0326 08:38:24.444456 120801 node.cpp:945] node Atomic:10.1.3.3:8700:0 starts to do snapshot
I0326 08:38:24.444772 120801 snapshot_executor.cpp:158] node Atomic:10.1.3.3:8700:0 the gap between fsm applied index 190 and last_snapshot_index 190 is less than 1, will clear bufferred logs and return success
I0326 08:38:24.445861 120812 log.cpp:1153] log save_meta ./data/log/log_meta first_log_index: 191 time: 970
I0326 08:38:25.760435 120806 node.cpp:2128] node Atomic:10.1.3.3:8700:0 received PreVote from 10.1.1.3:8700:0 in term 32 current_term 32 granted 0 rejected_by_lease 0
I0326 08:38:26.090253 120786 node.cpp:2128] node Atomic:10.1.3.3:8700:0 received PreVote from 10.1.5.3:8700:0 in term 33 current_term 32 granted 1 rejected_by_lease 0
I0326 08:38:26.130410 120809 node.cpp:2210] node Atomic:10.1.3.3:8700:0 received RequestVote from 10.1.5.3:8700:0 in term 33 current_term 32 log_is_ok 1 votable_time 0
I0326 08:38:26.131459 120809 raft_meta.cpp:546] Saved single stable meta, path ./data/raft_meta term 33 votedfor 0.0.0.0:0:0 time: 880
I0326 08:38:26.132325 120809 raft_meta.cpp:546] Saved single stable meta, path ./data/raft_meta term 33 votedfor 10.1.5.3:8700:0 time: 709
I0326 08:38:26.170264 120812 server.cpp:315] Node start following { leader_id=10.1.5.3:8700:0, term=33, status=Follower receives message from new leader with the same term.}
I0326 08:38:26.551164 120825 server.cpp:309] Configuration of this group is 10.1.1.3:8700:0,10.1.2.3:8700:0,10.1.3.3:8700:0,10.1.4.3:8700:0,10.1.5.3:8700:0
W0326 08:38:40.070456 120806 baidu_rpc_protocol.cpp:265] Fail to write into Socket{id=8589935270 fd=8 addr=10.1.5.3:40810:8700} (0x6310000a0800): Unknown error 1014 [1014]
W0326 08:38:40.070591 120801 baidu_rpc_protocol.cpp:265] Fail to write into Socket{id=8589935270 fd=8 addr=10.1.5.3:40810:8700} (0x6310000a0800): Unknown error 1014 [1014]
WARNING: Logging before InitGoogleLogging() is written to STDERR
I0326 08:38:40.145546 123661 server.cpp:1114] Server[braft::RaftStatImpl+braft::FileServiceImpl+braft::RaftServiceImpl+braft::CliServiceImpl+example::AtomicServiceImpl] is serving on port=8700.
I0326 08:38:40.145749 123661 server.cpp:1117] Check out http://n3:8700 in web browser.
I0326 08:38:40.147905 123661 log.cpp:691] Use murmurhash32 as the checksum type of appending entries
I0326 08:38:40.148105 123661 log.cpp:1175] log load_meta ./data/log/log_meta first_log_index: 191 time: 144
I0326 08:38:40.148247 123661 log.cpp:1115] load open segment, path: ./data/log first_index: 137
I0326 08:38:40.149207 123661 snapshot.cpp:466] Deleting ./data/snapshot/temp
I0326 08:38:40.150174 123687 server.cpp:309] Configuration of this group is 10.1.1.3:8700:0,10.1.2.3:8700:0,10.1.3.3:8700:0,10.1.4.3:8700:0,10.1.5.3:8700:0
I0326 08:38:40.150679 123687 snapshot_executor.cpp:269] node Atomic:10.1.3.3:8700:0 snapshot_load_done, last_included_index: 190 last_included_term: 32 peers: "10.1.1.3:8700:0" peers: "10.1.2.3:8700:0" peers: "10.1.3.3:8700:0" peers: "10.1.4.3:8700:0" peers: "10.1.5.3:8700:0"
I0326 08:38:40.150962 123661 raft_meta.cpp:521] Loaded single stable meta, path ./data/raft_meta term 33 votedfor 10.1.5.3:8700:0 time: 42
I0326 08:38:40.151075 123661 node.cpp:604] node Atomic:10.1.3.3:8700:0 init, term: 33 last_log_id: (index=213,term=33) conf: 10.1.1.3:8700:0,10.1.2.3:8700:0,10.1.3.3:8700:0,10.1.4.3:8700:0,10.1.5.3:8700:0 old_conf: 
I0326 08:38:40.151243 123661 server.cpp:512] Atomic service is running on 0.0.0.0:8700
I0326 08:38:42.727519 123687 node.cpp:945] node Atomic:10.1.3.3:8700:0 starts to do snapshot
I0326 08:38:42.727674 123687 snapshot_executor.cpp:158] node Atomic:10.1.3.3:8700:0 the gap between fsm applied index 190 and last_snapshot_index 190 is less than 1, will clear bufferred logs and return success
I0326 08:38:50.841243 123671 node.cpp:2128] node Atomic:10.1.3.3:8700:0 received PreVote from 10.1.4.3:8700:0 in term 34 current_term 33 granted 1 rejected_by_lease 0
I0326 08:38:50.881147 123690 node.cpp:2210] node Atomic:10.1.3.3:8700:0 received RequestVote from 10.1.4.3:8700:0 in term 34 current_term 33 log_is_ok 1 votable_time 0
I0326 08:38:50.882146 123690 raft_meta.cpp:546] Saved single stable meta, path ./data/raft_meta term 34 votedfor 0.0.0.0:0:0 time: 783
I0326 08:38:50.882939 123690 raft_meta.cpp:546] Saved single stable meta, path ./data/raft_meta term 34 votedfor 10.1.4.3:8700:0 time: 627
I0326 08:38:50.921272 123687 server.cpp:315] Node start following { leader_id=10.1.4.3:8700:0, term=34, status=Follower receives message from new leader with the same term.}
I0326 08:38:50.981825 123701 server.cpp:309] Configuration of this group is 10.1.1.3:8700:0,10.1.2.3:8700:0,10.1.3.3:8700:0,10.1.4.3:8700:0,10.1.5.3:8700:0
I0326 08:38:50.982288 123701 server.cpp:309] Configuration of this group is 10.1.1.3:8700:0,10.1.2.3:8700:0,10.1.3.3:8700:0,10.1.4.3:8700:0,10.1.5.3:8700:0
I0326 08:38:51.651059 123718 node.cpp:2128] node Atomic:10.1.3.3:8700:0 received PreVote from 10.1.2.3:8700:0 in term 34 current_term 34 granted 0 rejected_by_lease 0
I0326 08:38:57.561255 123678 node.cpp:2128] node Atomic:10.1.3.3:8700:0 received PreVote from 10.1.2.3:8700:0 in term 35 current_term 34 granted 0 rejected_by_lease 0
WARNING: Logging before InitGoogleLogging() is written to STDERR
I0326 08:39:02.919380 126313 server.cpp:1114] Server[braft::RaftStatImpl+braft::FileServiceImpl+braft::RaftServiceImpl+braft::CliServiceImpl+example::AtomicServiceImpl] is serving on port=8700.
I0326 08:39:02.919523 126313 server.cpp:1117] Check out http://n3:8700 in web browser.
I0326 08:39:02.920902 126313 log.cpp:691] Use murmurhash32 as the checksum type of appending entries
I0326 08:39:02.921067 126313 log.cpp:1175] log load_meta ./data/log/log_meta first_log_index: 191 time: 110
I0326 08:39:02.921175 126313 log.cpp:1115] load open segment, path: ./data/log first_index: 137
I0326 08:39:02.922169 126313 snapshot.cpp:466] Deleting ./data/snapshot/temp
I0326 08:39:02.923136 126352 server.cpp:309] Configuration of this group is 10.1.1.3:8700:0,10.1.2.3:8700:0,10.1.3.3:8700:0,10.1.4.3:8700:0,10.1.5.3:8700:0
I0326 08:39:02.923439 126352 snapshot_executor.cpp:269] node Atomic:10.1.3.3:8700:0 snapshot_load_done, last_included_index: 190 last_included_term: 32 peers: "10.1.1.3:8700:0" peers: "10.1.2.3:8700:0" peers: "10.1.3.3:8700:0" peers: "10.1.4.3:8700:0" peers: "10.1.5.3:8700:0"
I0326 08:39:02.923735 126313 raft_meta.cpp:521] Loaded single stable meta, path ./data/raft_meta term 34 votedfor 10.1.4.3:8700:0 time: 39
I0326 08:39:02.923794 126313 node.cpp:604] node Atomic:10.1.3.3:8700:0 init, term: 34 last_log_id: (index=230,term=34) conf: 10.1.1.3:8700:0,10.1.2.3:8700:0,10.1.3.3:8700:0,10.1.4.3:8700:0,10.1.5.3:8700:0 old_conf: 
I0326 08:39:02.923966 126313 server.cpp:512] Atomic service is running on 0.0.0.0:8700
WARNING: Logging before InitGoogleLogging() is written to STDERR
I0326 08:39:15.869652 127875 server.cpp:1114] Server[braft::RaftStatImpl+braft::FileServiceImpl+braft::RaftServiceImpl+braft::CliServiceImpl+example::AtomicServiceImpl] is serving on port=8700.
I0326 08:39:15.869840 127875 server.cpp:1117] Check out http://n3:8700 in web browser.
I0326 08:39:15.871471 127875 log.cpp:691] Use murmurhash32 as the checksum type of appending entries
I0326 08:39:15.871654 127875 log.cpp:1175] log load_meta ./data/log/log_meta first_log_index: 191 time: 132
I0326 08:39:15.871757 127875 log.cpp:1115] load open segment, path: ./data/log first_index: 137
I0326 08:39:15.872855 127875 snapshot.cpp:466] Deleting ./data/snapshot/temp
I0326 08:39:15.874006 127922 server.cpp:309] Configuration of this group is 10.1.1.3:8700:0,10.1.2.3:8700:0,10.1.3.3:8700:0,10.1.4.3:8700:0,10.1.5.3:8700:0
I0326 08:39:15.874393 127922 snapshot_executor.cpp:269] node Atomic:10.1.3.3:8700:0 snapshot_load_done, last_included_index: 190 last_included_term: 32 peers: "10.1.1.3:8700:0" peers: "10.1.2.3:8700:0" peers: "10.1.3.3:8700:0" peers: "10.1.4.3:8700:0" peers: "10.1.5.3:8700:0"
I0326 08:39:15.874711 127875 raft_meta.cpp:521] Loaded single stable meta, path ./data/raft_meta term 34 votedfor 10.1.4.3:8700:0 time: 39
I0326 08:39:15.874768 127875 node.cpp:604] node Atomic:10.1.3.3:8700:0 init, term: 34 last_log_id: (index=230,term=34) conf: 10.1.1.3:8700:0,10.1.2.3:8700:0,10.1.3.3:8700:0,10.1.4.3:8700:0,10.1.5.3:8700:0 old_conf: 
I0326 08:39:15.874941 127875 server.cpp:512] Atomic service is running on 0.0.0.0:8700
WARNING: Logging before InitGoogleLogging() is written to STDERR
I0326 08:39:21.075943 128540 server.cpp:1114] Server[braft::RaftStatImpl+braft::FileServiceImpl+braft::RaftServiceImpl+braft::CliServiceImpl+example::AtomicServiceImpl] is serving on port=8700.
I0326 08:39:21.076110 128540 server.cpp:1117] Check out http://n3:8700 in web browser.
I0326 08:39:21.077510 128540 log.cpp:691] Use murmurhash32 as the checksum type of appending entries
I0326 08:39:21.077672 128540 log.cpp:1175] log load_meta ./data/log/log_meta first_log_index: 191 time: 117
I0326 08:39:21.077769 128540 log.cpp:1115] load open segment, path: ./data/log first_index: 137
I0326 08:39:21.078883 128540 snapshot.cpp:466] Deleting ./data/snapshot/temp
I0326 08:39:21.080114 128560 server.cpp:309] Configuration of this group is 10.1.1.3:8700:0,10.1.2.3:8700:0,10.1.3.3:8700:0,10.1.4.3:8700:0,10.1.5.3:8700:0
I0326 08:39:21.080591 128560 snapshot_executor.cpp:269] node Atomic:10.1.3.3:8700:0 snapshot_load_done, last_included_index: 190 last_included_term: 32 peers: "10.1.1.3:8700:0" peers: "10.1.2.3:8700:0" peers: "10.1.3.3:8700:0" peers: "10.1.4.3:8700:0" peers: "10.1.5.3:8700:0"
I0326 08:39:21.081027 128540 raft_meta.cpp:521] Loaded single stable meta, path ./data/raft_meta term 34 votedfor 10.1.4.3:8700:0 time: 50
I0326 08:39:21.081099 128540 node.cpp:604] node Atomic:10.1.3.3:8700:0 init, term: 34 last_log_id: (index=230,term=34) conf: 10.1.1.3:8700:0,10.1.2.3:8700:0,10.1.3.3:8700:0,10.1.4.3:8700:0,10.1.5.3:8700:0 old_conf: 
I0326 08:39:21.081287 128540 server.cpp:512] Atomic service is running on 0.0.0.0:8700
I0326 08:39:21.182641 128566 node.cpp:945] node Atomic:10.1.3.3:8700:0 starts to do snapshot
I0326 08:39:21.182883 128566 snapshot_executor.cpp:158] node Atomic:10.1.3.3:8700:0 the gap between fsm applied index 190 and last_snapshot_index 190 is less than 1, will clear bufferred logs and return success
I0326 08:39:40.973438 128599 node.cpp:1583] node Atomic:10.1.3.3:8700:0 term 34 start pre_vote
I0326 08:39:41.003399 128588 node.cpp:2128] node Atomic:10.1.3.3:8700:0 received PreVote from 10.1.2.3:8700:0 in term 35 current_term 34 granted 0 rejected_by_lease 0
I0326 08:39:41.003526 128611 node.cpp:2128] node Atomic:10.1.3.3:8700:0 received PreVote from 10.1.1.3:8700:0 in term 35 current_term 34 granted 1 rejected_by_lease 0
I0326 08:39:41.004084 128609 node.cpp:2128] node Atomic:10.1.3.3:8700:0 received PreVote from 10.1.4.3:8700:0 in term 35 current_term 34 granted 1 rejected_by_lease 0
I0326 08:39:41.004269 128611 node.cpp:2128] node Atomic:10.1.3.3:8700:0 received PreVote from 10.1.5.3:8700:0 in term 35 current_term 34 granted 0 rejected_by_lease 0
I0326 08:39:41.013094 128560 node.cpp:1508] node Atomic:10.1.3.3:8700:0 received PreVoteResponse from 10.1.1.3:8700:0 term 34 granted 1 rejected_by_lease 0 disrupted 0
I0326 08:39:41.013275 128589 node.cpp:1508] node Atomic:10.1.3.3:8700:0 received PreVoteResponse from 10.1.2.3:8700:0 term 34 granted 1 rejected_by_lease 0 disrupted 0
I0326 08:39:41.013391 128589 node.cpp:1648] node Atomic:10.1.3.3:8700:0 term 34 start vote and grant vote self
W0326 08:39:41.013695 128597 node.cpp:1475] node Atomic:10.1.3.3:8700:0 received invalid PreVoteResponse from 10.1.4.3:8700:0 ctx_version 2 current_ctx_version 3
W0326 08:39:41.013833 128613 node.cpp:1475] node Atomic:10.1.3.3:8700:0 received invalid PreVoteResponse from 10.1.5.3:8700:0 ctx_version 2 current_ctx_version 3
I0326 08:39:41.015445 128589 raft_meta.cpp:546] Saved single stable meta, path ./data/raft_meta term 35 votedfor 10.1.3.3:8700:0 time: 779
I0326 08:39:41.043522 128582 node.cpp:2210] node Atomic:10.1.3.3:8700:0 received RequestVote from 10.1.1.3:8700:0 in term 35 current_term 35 log_is_ok 1 votable_time 0
I0326 08:39:41.044306 128614 node.cpp:2210] node Atomic:10.1.3.3:8700:0 received RequestVote from 10.1.4.3:8700:0 in term 35 current_term 35 log_is_ok 1 votable_time 0
I0326 08:39:41.052901 128585 node.cpp:1399] node Atomic:10.1.3.3:8700:0 received RequestVoteResponse from 10.1.1.3:8700:0 term 35 granted 0 rejected_by_lease 0 disrupted 0
I0326 08:39:41.053121 128562 node.cpp:1399] node Atomic:10.1.3.3:8700:0 received RequestVoteResponse from 10.1.2.3:8700:0 term 35 granted 0 rejected_by_lease 0 disrupted 0
I0326 08:39:41.053594 128565 node.cpp:1399] node Atomic:10.1.3.3:8700:0 received RequestVoteResponse from 10.1.4.3:8700:0 term 35 granted 0 rejected_by_lease 0 disrupted 0
I0326 08:39:41.053750 128605 node.cpp:1399] node Atomic:10.1.3.3:8700:0 received RequestVoteResponse from 10.1.5.3:8700:0 term 35 granted 0 rejected_by_lease 0 disrupted 0
I0326 08:39:41.083338 128560 server.cpp:315] Node start following { leader_id=10.1.1.3:8700:0, term=35, status=Candidate receives message from new leader with the same term.}
I0326 08:39:41.144134 128589 server.cpp:309] Configuration of this group is 10.1.1.3:8700:0,10.1.2.3:8700:0,10.1.3.3:8700:0,10.1.4.3:8700:0,10.1.5.3:8700:0
I0326 08:39:41.144731 128589 server.cpp:309] Configuration of this group is 10.1.1.3:8700:0,10.1.2.3:8700:0,10.1.3.3:8700:0,10.1.4.3:8700:0,10.1.5.3:8700:0
I0326 08:39:41.145053 128589 server.cpp:309] Configuration of this group is 10.1.1.3:8700:0,10.1.2.3:8700:0,10.1.3.3:8700:0,10.1.4.3:8700:0,10.1.5.3:8700:0
WARNING: Logging before InitGoogleLogging() is written to STDERR
I0326 08:39:48.938000 131726 server.cpp:1114] Server[braft::RaftStatImpl+braft::FileServiceImpl+braft::RaftServiceImpl+braft::CliServiceImpl+example::AtomicServiceImpl] is serving on port=8700.
I0326 08:39:48.938153 131726 server.cpp:1117] Check out http://n3:8700 in web browser.
I0326 08:39:48.939522 131726 log.cpp:691] Use murmurhash32 as the checksum type of appending entries
I0326 08:39:48.939702 131726 log.cpp:1175] log load_meta ./data/log/log_meta first_log_index: 191 time: 133
I0326 08:39:48.939814 131726 log.cpp:1115] load open segment, path: ./data/log first_index: 137
I0326 08:39:48.940810 131726 snapshot.cpp:466] Deleting ./data/snapshot/temp
I0326 08:39:48.941865 131769 server.cpp:309] Configuration of this group is 10.1.1.3:8700:0,10.1.2.3:8700:0,10.1.3.3:8700:0,10.1.4.3:8700:0,10.1.5.3:8700:0
I0326 08:39:48.942247 131769 snapshot_executor.cpp:269] node Atomic:10.1.3.3:8700:0 snapshot_load_done, last_included_index: 190 last_included_term: 32 peers: "10.1.1.3:8700:0" peers: "10.1.2.3:8700:0" peers: "10.1.3.3:8700:0" peers: "10.1.4.3:8700:0" peers: "10.1.5.3:8700:0"
I0326 08:39:48.942533 131726 raft_meta.cpp:521] Loaded single stable meta, path ./data/raft_meta term 35 votedfor 10.1.3.3:8700:0 time: 53
I0326 08:39:48.942600 131726 node.cpp:604] node Atomic:10.1.3.3:8700:0 init, term: 35 last_log_id: (index=239,term=35) conf: 10.1.1.3:8700:0,10.1.2.3:8700:0,10.1.3.3:8700:0,10.1.4.3:8700:0,10.1.5.3:8700:0 old_conf: 
I0326 08:39:48.942772 131726 server.cpp:512] Atomic service is running on 0.0.0.0:8700
I0326 08:39:52.680167 131785 node.cpp:945] node Atomic:10.1.3.3:8700:0 starts to do snapshot
I0326 08:39:52.680424 131785 snapshot_executor.cpp:158] node Atomic:10.1.3.3:8700:0 the gap between fsm applied index 190 and last_snapshot_index 190 is less than 1, will clear bufferred logs and return success
I0326 08:39:59.090437 131743 node.cpp:1583] node Atomic:10.1.3.3:8700:0 term 35 start pre_vote
I0326 08:39:59.123239 131782 node.cpp:1508] node Atomic:10.1.3.3:8700:0 received PreVoteResponse from 10.1.4.3:8700:0 term 35 granted 1 rejected_by_lease 0 disrupted 0
I0326 08:39:59.123358 131751 node.cpp:1508] node Atomic:10.1.3.3:8700:0 received PreVoteResponse from 10.1.5.3:8700:0 term 35 granted 1 rejected_by_lease 0 disrupted 0
I0326 08:39:59.123435 131751 node.cpp:1648] node Atomic:10.1.3.3:8700:0 term 35 start vote and grant vote self
W0326 08:39:59.123677 131735 node.cpp:1475] node Atomic:10.1.3.3:8700:0 received invalid PreVoteResponse from 10.1.2.3:8700:0 ctx_version 2 current_ctx_version 3
I0326 08:39:59.124974 131751 raft_meta.cpp:546] Saved single stable meta, path ./data/raft_meta term 36 votedfor 10.1.3.3:8700:0 time: 778
I0326 08:39:59.163311 131769 node.cpp:1399] node Atomic:10.1.3.3:8700:0 received RequestVoteResponse from 10.1.4.3:8700:0 term 36 granted 1 rejected_by_lease 0 disrupted 0
I0326 08:39:59.163483 131746 node.cpp:1399] node Atomic:10.1.3.3:8700:0 received RequestVoteResponse from 10.1.2.3:8700:0 term 36 granted 1 rejected_by_lease 0 disrupted 0
I0326 08:39:59.163609 131746 node.cpp:1907] node Atomic:10.1.3.3:8700:0 term 36 become leader of group 10.1.1.3:8700:0,10.1.2.3:8700:0,10.1.3.3:8700:0,10.1.4.3:8700:0,10.1.5.3:8700:0 
I0326 08:39:59.163866 131746 replicator.cpp:141] Replicator=2233382993925@10.1.1.3:8700:0 is started, group Atomic
I0326 08:39:59.164315 131746 replicator.cpp:141] Replicator=5510443040769@10.1.2.3:8700:0 is started, group Atomic
I0326 08:39:59.164592 131746 replicator.cpp:141] Replicator=5527622909953@10.1.4.3:8700:0 is started, group Atomic
I0326 08:39:59.164799 131746 replicator.cpp:141] Replicator=5544802779137@10.1.5.3:8700:0 is started, group Atomic
W0326 08:39:59.165325 131782 node.cpp:1366] node Atomic:10.1.3.3:8700:0 received invalid RequestVoteResponse from 10.1.5.3:8700:0 ctx_version 1 current_ctx_version 2
I0326 08:39:59.223646 131751 server.cpp:309] Configuration of this group is 10.1.1.3:8700:0,10.1.2.3:8700:0,10.1.3.3:8700:0,10.1.4.3:8700:0,10.1.5.3:8700:0
I0326 08:39:59.224107 131751 server.cpp:309] Configuration of this group is 10.1.1.3:8700:0,10.1.2.3:8700:0,10.1.3.3:8700:0,10.1.4.3:8700:0,10.1.5.3:8700:0
I0326 08:39:59.224395 131751 server.cpp:309] Configuration of this group is 10.1.1.3:8700:0,10.1.2.3:8700:0,10.1.3.3:8700:0,10.1.4.3:8700:0,10.1.5.3:8700:0
I0326 08:39:59.224584 131751 server.cpp:309] Configuration of this group is 10.1.1.3:8700:0,10.1.2.3:8700:0,10.1.3.3:8700:0,10.1.4.3:8700:0,10.1.5.3:8700:0
I0326 08:39:59.224642 131751 node.cpp:3309] node Atomic:10.1.3.3:8700:0 reset ConfigurationCtx, new_peers: 10.1.1.3:8700:0,10.1.2.3:8700:0,10.1.3.3:8700:0,10.1.4.3:8700:0,10.1.5.3:8700:0, old_peers: 10.1.1.3:8700:0,10.1.2.3:8700:0,10.1.3.3:8700:0,10.1.4.3:8700:0,10.1.5.3:8700:0
I0326 08:39:59.225515 131746 server.cpp:294] Node becomes leader
W0326 08:39:59.291546 131778 node.cpp:1563] node Atomic:10.1.3.3:8700:0 request PreVote from 10.1.1.3:8700:0 error: [E110]Fail to connect Socket{id=565 addr=10.1.1.3:8700} (0x0x63100008c800): Connection timed out
W0326 08:39:59.324280 131747 node.cpp:1450] node Atomic:10.1.3.3:8700:0 received RequestVoteResponse from 10.1.1.3:8700:0 error: [E110]Fail to connect Socket{id=227 addr=10.1.1.3:8700} (0x0x631000050a40): Connection timed out
W0326 08:39:59.364531 131732 replicator.cpp:397] Group Atomic fail to issue RPC to 10.1.1.3:8700:0 _consecutive_error_times=1, [E110]Fail to connect Socket{id=8589934826 addr=10.1.1.3:8700} (0x0x631000051a00): Connection timed out [R1][E112]Not connected to 10.1.1.3:8700 yet, server_id=8589934826 [R2][E112]Not connected to 10.1.1.3:8700 yet, server_id=8589934826 [R3][E112]Not connected to 10.1.1.3:8700 yet, server_id=8589934826
I0326 08:39:59.464622 131738 socket.cpp:2335] Checking Socket{id=8589934826 addr=10.1.1.3:8700} (0x631000051a00)
W0326 08:39:59.964893 131732 socket.cpp:1270] Fail to wait EPOLLOUT of fd=8: Connection timed out [110]
W0326 08:40:01.867091 131785 replicator.cpp:397] Group Atomic fail to issue RPC to 10.1.1.3:8700:0 _consecutive_error_times=11, [E112]Not connected to 10.1.1.3:8700 yet, server_id=8589934826 [R1][E112]Not connected to 10.1.1.3:8700 yet, server_id=8589934826 [R2][E112]Not connected to 10.1.1.3:8700 yet, server_id=8589934826 [R3][E112]Not connected to 10.1.1.3:8700 yet, server_id=8589934826
W0326 08:40:03.465440 131774 socket.cpp:1270] Fail to wait EPOLLOUT of fd=8: Connection timed out [110]
W0326 08:40:04.368630 131732 replicator.cpp:397] Group Atomic fail to issue RPC to 10.1.1.3:8700:0 _consecutive_error_times=21, [E112]Not connected to 10.1.1.3:8700 yet, server_id=8589934826 [R1][E112]Not connected to 10.1.1.3:8700 yet, server_id=8589934826 [R2][E112]Not connected to 10.1.1.3:8700 yet, server_id=8589934826 [R3][E112]Not connected to 10.1.1.3:8700 yet, server_id=8589934826
W0326 08:40:06.870239 131774 replicator.cpp:397] Group Atomic fail to issue RPC to 10.1.1.3:8700:0 _consecutive_error_times=31, [E112]Not connected to 10.1.1.3:8700 yet, server_id=8589934826 [R1][E112]Not connected to 10.1.1.3:8700 yet, server_id=8589934826 [R2][E112]Not connected to 10.1.1.3:8700 yet, server_id=8589934826 [R3][E112]Not connected to 10.1.1.3:8700 yet, server_id=8589934826
W0326 08:40:06.965865 131763 socket.cpp:1270] Fail to wait EPOLLOUT of fd=8: Connection timed out [110]
W0326 08:40:09.372092 131763 replicator.cpp:397] Group Atomic fail to issue RPC to 10.1.1.3:8700:0 _consecutive_error_times=41, [E112]Not connected to 10.1.1.3:8700 yet, server_id=8589934826 [R1][E112]Not connected to 10.1.1.3:8700 yet, server_id=8589934826 [R2][E112]Not connected to 10.1.1.3:8700 yet, server_id=8589934826 [R3][E112]Not connected to 10.1.1.3:8700 yet, server_id=8589934826
W0326 08:40:10.466367 131776 socket.cpp:1270] Fail to wait EPOLLOUT of fd=8: Connection timed out [110]
WARNING: Logging before InitGoogleLogging() is written to STDERR
I0326 08:40:11.637578 134390 server.cpp:1114] Server[braft::RaftStatImpl+braft::FileServiceImpl+braft::RaftServiceImpl+braft::CliServiceImpl+example::AtomicServiceImpl] is serving on port=8700.
I0326 08:40:11.637776 134390 server.cpp:1117] Check out http://n3:8700 in web browser.
I0326 08:40:11.639832 134390 log.cpp:691] Use murmurhash32 as the checksum type of appending entries
I0326 08:40:11.639987 134390 log.cpp:1175] log load_meta ./data/log/log_meta first_log_index: 191 time: 106
I0326 08:40:11.640089 134390 log.cpp:1115] load open segment, path: ./data/log first_index: 137
I0326 08:40:11.641203 134390 snapshot.cpp:466] Deleting ./data/snapshot/temp
I0326 08:40:11.642210 134410 server.cpp:309] Configuration of this group is 10.1.1.3:8700:0,10.1.2.3:8700:0,10.1.3.3:8700:0,10.1.4.3:8700:0,10.1.5.3:8700:0
I0326 08:40:11.642628 134410 snapshot_executor.cpp:269] node Atomic:10.1.3.3:8700:0 snapshot_load_done, last_included_index: 190 last_included_term: 32 peers: "10.1.1.3:8700:0" peers: "10.1.2.3:8700:0" peers: "10.1.3.3:8700:0" peers: "10.1.4.3:8700:0" peers: "10.1.5.3:8700:0"
I0326 08:40:11.643018 134390 raft_meta.cpp:521] Loaded single stable meta, path ./data/raft_meta term 36 votedfor 10.1.3.3:8700:0 time: 48
I0326 08:40:11.643083 134390 node.cpp:604] node Atomic:10.1.3.3:8700:0 init, term: 36 last_log_id: (index=255,term=36) conf: 10.1.1.3:8700:0,10.1.2.3:8700:0,10.1.3.3:8700:0,10.1.4.3:8700:0,10.1.5.3:8700:0 old_conf: 
I0326 08:40:11.643263 134390 server.cpp:512] Atomic service is running on 0.0.0.0:8700
WARNING: Logging before InitGoogleLogging() is written to STDERR
I0326 08:40:16.750486 135055 server.cpp:1114] Server[braft::RaftStatImpl+braft::FileServiceImpl+braft::RaftServiceImpl+braft::CliServiceImpl+example::AtomicServiceImpl] is serving on port=8700.
I0326 08:40:16.750670 135055 server.cpp:1117] Check out http://n3:8700 in web browser.
I0326 08:40:16.752733 135055 log.cpp:691] Use murmurhash32 as the checksum type of appending entries
I0326 08:40:16.752931 135055 log.cpp:1175] log load_meta ./data/log/log_meta first_log_index: 191 time: 122
I0326 08:40:16.753067 135055 log.cpp:1115] load open segment, path: ./data/log first_index: 137
I0326 08:40:16.754580 135055 snapshot.cpp:466] Deleting ./data/snapshot/temp
I0326 08:40:16.755676 135080 server.cpp:309] Configuration of this group is 10.1.1.3:8700:0,10.1.2.3:8700:0,10.1.3.3:8700:0,10.1.4.3:8700:0,10.1.5.3:8700:0
I0326 08:40:16.756081 135080 snapshot_executor.cpp:269] node Atomic:10.1.3.3:8700:0 snapshot_load_done, last_included_index: 190 last_included_term: 32 peers: "10.1.1.3:8700:0" peers: "10.1.2.3:8700:0" peers: "10.1.3.3:8700:0" peers: "10.1.4.3:8700:0" peers: "10.1.5.3:8700:0"
I0326 08:40:16.756412 135055 raft_meta.cpp:521] Loaded single stable meta, path ./data/raft_meta term 36 votedfor 10.1.3.3:8700:0 time: 46
I0326 08:40:16.756489 135055 node.cpp:604] node Atomic:10.1.3.3:8700:0 init, term: 36 last_log_id: (index=255,term=36) conf: 10.1.1.3:8700:0,10.1.2.3:8700:0,10.1.3.3:8700:0,10.1.4.3:8700:0,10.1.5.3:8700:0 old_conf: 
I0326 08:40:16.756708 135055 server.cpp:512] Atomic service is running on 0.0.0.0:8700
I0326 08:40:24.085585 135080 node.cpp:2128] node Atomic:10.1.3.3:8700:0 received PreVote from 10.1.1.3:8700:0 in term 36 current_term 36 granted 0 rejected_by_lease 0
I0326 08:40:24.085758 135101 node.cpp:2128] node Atomic:10.1.3.3:8700:0 received PreVote from 10.1.2.3:8700:0 in term 37 current_term 36 granted 1 rejected_by_lease 0
I0326 08:40:24.125072 135071 node.cpp:2210] node Atomic:10.1.3.3:8700:0 received RequestVote from 10.1.2.3:8700:0 in term 37 current_term 36 log_is_ok 1 votable_time 0
I0326 08:40:24.125979 135071 raft_meta.cpp:546] Saved single stable meta, path ./data/raft_meta term 37 votedfor 0.0.0.0:0:0 time: 719
I0326 08:40:24.126683 135071 raft_meta.cpp:546] Saved single stable meta, path ./data/raft_meta term 37 votedfor 10.1.2.3:8700:0 time: 533
WARNING: Logging before InitGoogleLogging() is written to STDERR
I0326 08:40:24.217144 135977 server.cpp:1114] Server[braft::RaftStatImpl+braft::FileServiceImpl+braft::RaftServiceImpl+braft::CliServiceImpl+example::AtomicServiceImpl] is serving on port=8700.
I0326 08:40:24.217276 135977 server.cpp:1117] Check out http://n3:8700 in web browser.
I0326 08:40:24.218657 135977 log.cpp:691] Use murmurhash32 as the checksum type of appending entries
I0326 08:40:24.218784 135977 log.cpp:1175] log load_meta ./data/log/log_meta first_log_index: 191 time: 86
I0326 08:40:24.218879 135977 log.cpp:1115] load open segment, path: ./data/log first_index: 137
I0326 08:40:24.219928 135977 snapshot.cpp:466] Deleting ./data/snapshot/temp
I0326 08:40:24.220867 136039 server.cpp:309] Configuration of this group is 10.1.1.3:8700:0,10.1.2.3:8700:0,10.1.3.3:8700:0,10.1.4.3:8700:0,10.1.5.3:8700:0
I0326 08:40:24.221161 136039 snapshot_executor.cpp:269] node Atomic:10.1.3.3:8700:0 snapshot_load_done, last_included_index: 190 last_included_term: 32 peers: "10.1.1.3:8700:0" peers: "10.1.2.3:8700:0" peers: "10.1.3.3:8700:0" peers: "10.1.4.3:8700:0" peers: "10.1.5.3:8700:0"
I0326 08:40:24.221489 135977 raft_meta.cpp:521] Loaded single stable meta, path ./data/raft_meta term 37 votedfor 10.1.2.3:8700:0 time: 58
I0326 08:40:24.221540 135977 node.cpp:604] node Atomic:10.1.3.3:8700:0 init, term: 37 last_log_id: (index=255,term=36) conf: 10.1.1.3:8700:0,10.1.2.3:8700:0,10.1.3.3:8700:0,10.1.4.3:8700:0,10.1.5.3:8700:0 old_conf: 
I0326 08:40:24.221697 135977 server.cpp:512] Atomic service is running on 0.0.0.0:8700
I0326 08:40:24.595085 136041 node.cpp:945] node Atomic:10.1.3.3:8700:0 starts to do snapshot
I0326 08:40:24.595302 136041 snapshot_executor.cpp:158] node Atomic:10.1.3.3:8700:0 the gap between fsm applied index 190 and last_snapshot_index 190 is less than 1, will clear bufferred logs and return success
WARNING: Logging before InitGoogleLogging() is written to STDERR
I0326 08:40:29.416877 136654 server.cpp:1114] Server[braft::RaftStatImpl+braft::FileServiceImpl+braft::RaftServiceImpl+braft::CliServiceImpl+example::AtomicServiceImpl] is serving on port=8700.
I0326 08:40:29.417071 136654 server.cpp:1117] Check out http://n3:8700 in web browser.
I0326 08:40:29.418584 136654 log.cpp:691] Use murmurhash32 as the checksum type of appending entries
I0326 08:40:29.418783 136654 log.cpp:1175] log load_meta ./data/log/log_meta first_log_index: 191 time: 153
I0326 08:40:29.418908 136654 log.cpp:1115] load open segment, path: ./data/log first_index: 137
I0326 08:40:29.420564 136654 snapshot.cpp:466] Deleting ./data/snapshot/temp
I0326 08:40:29.421911 136692 server.cpp:309] Configuration of this group is 10.1.1.3:8700:0,10.1.2.3:8700:0,10.1.3.3:8700:0,10.1.4.3:8700:0,10.1.5.3:8700:0
I0326 08:40:29.422255 136692 snapshot_executor.cpp:269] node Atomic:10.1.3.3:8700:0 snapshot_load_done, last_included_index: 190 last_included_term: 32 peers: "10.1.1.3:8700:0" peers: "10.1.2.3:8700:0" peers: "10.1.3.3:8700:0" peers: "10.1.4.3:8700:0" peers: "10.1.5.3:8700:0"
I0326 08:40:29.422681 136654 raft_meta.cpp:521] Loaded single stable meta, path ./data/raft_meta term 37 votedfor 10.1.2.3:8700:0 time: 65
I0326 08:40:29.422771 136654 node.cpp:604] node Atomic:10.1.3.3:8700:0 init, term: 37 last_log_id: (index=255,term=36) conf: 10.1.1.3:8700:0,10.1.2.3:8700:0,10.1.3.3:8700:0,10.1.4.3:8700:0,10.1.5.3:8700:0 old_conf: 
I0326 08:40:29.423020 136654 server.cpp:512] Atomic service is running on 0.0.0.0:8700
I0326 08:40:35.593147 136715 node.cpp:945] node Atomic:10.1.3.3:8700:0 starts to do snapshot
I0326 08:40:35.593411 136715 snapshot_executor.cpp:158] node Atomic:10.1.3.3:8700:0 the gap between fsm applied index 190 and last_snapshot_index 190 is less than 1, will clear bufferred logs and return success
WARNING: Logging before InitGoogleLogging() is written to STDERR
I0326 08:40:54.692481 139603 server.cpp:1114] Server[braft::RaftStatImpl+braft::FileServiceImpl+braft::RaftServiceImpl+braft::CliServiceImpl+example::AtomicServiceImpl] is serving on port=8700.
I0326 08:40:54.692641 139603 server.cpp:1117] Check out http://n3:8700 in web browser.
I0326 08:40:54.694375 139603 log.cpp:691] Use murmurhash32 as the checksum type of appending entries
I0326 08:40:54.694567 139603 log.cpp:1175] log load_meta ./data/log/log_meta first_log_index: 191 time: 130
I0326 08:40:54.694749 139603 log.cpp:1115] load open segment, path: ./data/log first_index: 137
I0326 08:40:54.696251 139603 snapshot.cpp:466] Deleting ./data/snapshot/temp
I0326 08:40:54.697469 139653 server.cpp:309] Configuration of this group is 10.1.1.3:8700:0,10.1.2.3:8700:0,10.1.3.3:8700:0,10.1.4.3:8700:0,10.1.5.3:8700:0
I0326 08:40:54.697749 139653 snapshot_executor.cpp:269] node Atomic:10.1.3.3:8700:0 snapshot_load_done, last_included_index: 190 last_included_term: 32 peers: "10.1.1.3:8700:0" peers: "10.1.2.3:8700:0" peers: "10.1.3.3:8700:0" peers: "10.1.4.3:8700:0" peers: "10.1.5.3:8700:0"
I0326 08:40:54.698163 139603 raft_meta.cpp:521] Loaded single stable meta, path ./data/raft_meta term 37 votedfor 10.1.2.3:8700:0 time: 71
I0326 08:40:54.698252 139603 node.cpp:604] node Atomic:10.1.3.3:8700:0 init, term: 37 last_log_id: (index=255,term=36) conf: 10.1.1.3:8700:0,10.1.2.3:8700:0,10.1.3.3:8700:0,10.1.4.3:8700:0,10.1.5.3:8700:0 old_conf: 
I0326 08:40:54.698438 139603 server.cpp:512] Atomic service is running on 0.0.0.0:8700
WARNING: Logging before InitGoogleLogging() is written to STDERR
I0326 08:40:59.814636 140273 server.cpp:1114] Server[braft::RaftStatImpl+braft::FileServiceImpl+braft::RaftServiceImpl+braft::CliServiceImpl+example::AtomicServiceImpl] is serving on port=8700.
I0326 08:40:59.814855 140273 server.cpp:1117] Check out http://n3:8700 in web browser.
I0326 08:40:59.816262 140273 log.cpp:691] Use murmurhash32 as the checksum type of appending entries
I0326 08:40:59.816439 140273 log.cpp:1175] log load_meta ./data/log/log_meta first_log_index: 191 time: 127
I0326 08:40:59.816567 140273 log.cpp:1115] load open segment, path: ./data/log first_index: 137
I0326 08:40:59.817973 140273 snapshot.cpp:466] Deleting ./data/snapshot/temp
I0326 08:40:59.819130 140282 server.cpp:309] Configuration of this group is 10.1.1.3:8700:0,10.1.2.3:8700:0,10.1.3.3:8700:0,10.1.4.3:8700:0,10.1.5.3:8700:0
I0326 08:40:59.819607 140282 snapshot_executor.cpp:269] node Atomic:10.1.3.3:8700:0 snapshot_load_done, last_included_index: 190 last_included_term: 32 peers: "10.1.1.3:8700:0" peers: "10.1.2.3:8700:0" peers: "10.1.3.3:8700:0" peers: "10.1.4.3:8700:0" peers: "10.1.5.3:8700:0"
I0326 08:40:59.819900 140273 raft_meta.cpp:521] Loaded single stable meta, path ./data/raft_meta term 37 votedfor 10.1.2.3:8700:0 time: 46
I0326 08:40:59.819958 140273 node.cpp:604] node Atomic:10.1.3.3:8700:0 init, term: 37 last_log_id: (index=255,term=36) conf: 10.1.1.3:8700:0,10.1.2.3:8700:0,10.1.3.3:8700:0,10.1.4.3:8700:0,10.1.5.3:8700:0 old_conf: 
I0326 08:40:59.820125 140273 server.cpp:512] Atomic service is running on 0.0.0.0:8700
WARNING: Logging before InitGoogleLogging() is written to STDERR
I0326 08:41:09.925392 141508 server.cpp:1114] Server[braft::RaftStatImpl+braft::FileServiceImpl+braft::RaftServiceImpl+braft::CliServiceImpl+example::AtomicServiceImpl] is serving on port=8700.
